// Jest Snapshot v1, https://goo.gl/fbAQLP

exports[`getBookmarkChildren should get all its children by id and convert all children to bookmarkInfo 1`] = `
Array [
  Object {
    "iconUrl": "chrome://favicon/http://dobapudol.be/umowimup",
    "id": "5683",
    "isRoot": false,
    "isSimulated": false,
    "isUnmodifiable": false,
    "parentId": "5863",
    "storageIndex": 4116,
    "title": "ujapernat",
    "type": 0,
    "url": "http://dobapudol.be/umowimup",
  },
  Object {
    "iconUrl": "chrome://favicon/http://rucophe.sr/pakucug",
    "id": "3980",
    "isRoot": false,
    "isSimulated": false,
    "isUnmodifiable": false,
    "parentId": "",
    "storageIndex": 7243,
    "title": "olevowobe",
    "type": 0,
    "url": "http://rucophe.sr/pakucug",
  },
]
`;

exports[`getBookmarkInfo should get the first bookmark node by id and convert it to bookmarkInfo 1`] = `
Object {
  "iconUrl": "chrome://favicon/http://hipul.va/bihdaeha",
  "id": "8825",
  "isRoot": false,
  "isSimulated": false,
  "isUnmodifiable": false,
  "parentId": "",
  "storageIndex": 7496,
  "title": "woh",
  "type": 0,
  "url": "http://hipul.va/bihdaeha",
}
`;

exports[`getFirstBookmarkTree should get default expanded tree and append root folders to its children except itself 1`] = `
Object {
  "children": Array [
    Object {
      "iconUrl": "http://sidzehod.za/nowocu",
      "id": "5967205401362433",
      "isRoot": true,
      "isSimulated": false,
      "isUnmodifiable": false,
      "parentId": "4146",
      "storageIndex": 3032,
      "title": "nagcumu",
      "type": 0,
      "url": "http://jefin.tl/se",
    },
    Object {
      "iconUrl": "http://sidzehod.za/nowocu",
      "id": "4488745793355777",
      "isRoot": true,
      "isSimulated": false,
      "isUnmodifiable": false,
      "parentId": "4146",
      "storageIndex": 3032,
      "title": "nagcumu",
      "type": 2,
      "url": "http://jefin.tl/se",
    },
    Object {
      "iconUrl": "http://sidzehod.za/nowocu",
      "id": "2314",
      "isRoot": true,
      "isSimulated": false,
      "isUnmodifiable": false,
      "parentId": "4146",
      "storageIndex": 3032,
      "title": "nagcumu",
      "type": 2,
      "url": "http://jefin.tl/se",
    },
    Object {
      "iconUrl": "http://pewojli.ly/pohof",
      "id": "4433",
      "isRoot": true,
      "isSimulated": false,
      "isUnmodifiable": false,
      "parentId": "2269",
      "storageIndex": 8979,
      "title": "lun",
      "type": 4,
      "url": "http://fopki.au/ugokikto",
    },
    Object {
      "iconUrl": "http://dawtoz.ug/cicop",
      "id": "6984",
      "isRoot": false,
      "isSimulated": false,
      "isUnmodifiable": true,
      "parentId": "4161",
      "storageIndex": 1272,
      "title": "botverek",
      "type": 2,
      "url": "http://on.ee/tepho",
    },
    Object {
      "iconUrl": "http://sinzov.mx/retu",
      "id": "9824",
      "isRoot": true,
      "isSimulated": false,
      "isUnmodifiable": false,
      "parentId": "9928",
      "storageIndex": 5093,
      "title": "hi",
      "type": 4,
      "url": "http://jepava.lv/doju",
    },
    Object {
      "iconUrl": "http://remahfur.ec/wek",
      "id": "8165",
      "isRoot": false,
      "isSimulated": false,
      "isUnmodifiable": true,
      "parentId": "5893",
      "storageIndex": 5021,
      "title": "ilo",
      "type": 0,
      "url": "http://jabo.vu/mabheku",
    },
    Object {
      "iconUrl": "http://zahcasmi.sr/hi",
      "id": "9894",
      "isRoot": false,
      "isSimulated": false,
      "isUnmodifiable": true,
      "parentId": "1047",
      "storageIndex": 4193,
      "title": "hu",
      "type": 4,
      "url": "http://otvuk.no/wezsi",
    },
    Object {
      "iconUrl": "http://tenula.bi/letnegba",
      "id": "6285",
      "isRoot": true,
      "isSimulated": false,
      "isUnmodifiable": true,
      "parentId": "1085",
      "storageIndex": 2456,
      "title": "gojku",
      "type": 4,
      "url": "http://sudetu.ac/ajier",
    },
    Object {
      "iconUrl": "http://pedet.se/vibjuwdik",
      "id": "1217",
      "isRoot": false,
      "isSimulated": false,
      "isUnmodifiable": false,
      "parentId": "2530",
      "storageIndex": 620,
      "title": "mombukfes",
      "type": 0,
      "url": "http://keil.gm/wokuj",
    },
    Object {
      "iconUrl": "http://buk.az/kusa",
      "id": "9557",
      "isRoot": true,
      "isSimulated": false,
      "isUnmodifiable": true,
      "parentId": "2384",
      "storageIndex": 8077,
      "title": "ji",
      "type": 0,
      "url": "http://gepfim.md/udojigu",
    },
    Object {
      "iconUrl": "http://va.my/aso",
      "id": "9551",
      "isRoot": true,
      "isSimulated": false,
      "isUnmodifiable": true,
      "parentId": "5517",
      "storageIndex": 2338,
      "title": "gu",
      "type": 0,
      "url": "http://iza.gs/ge",
    },
    Object {
      "iconUrl": "http://nula.au/haharud",
      "id": "2421",
      "isRoot": false,
      "isSimulated": false,
      "isUnmodifiable": true,
      "parentId": "1814",
      "storageIndex": 7501,
      "title": "zuzeboj",
      "type": 2,
      "url": "http://huveimi.lv/dudhe",
    },
    Object {
      "iconUrl": "http://ma.kz/vawujij",
      "id": "3284",
      "isRoot": true,
      "isSimulated": false,
      "isUnmodifiable": true,
      "parentId": "5594",
      "storageIndex": 7839,
      "title": "ahobaom",
      "type": 0,
      "url": "http://bigeha.pa/bejozkal",
    },
    Object {
      "iconUrl": "http://palaw.gov/din",
      "id": "4335",
      "isRoot": false,
      "isSimulated": false,
      "isUnmodifiable": false,
      "parentId": "5176",
      "storageIndex": 1909,
      "title": "se",
      "type": 4,
      "url": "http://dab.re/ha",
    },
    Object {
      "iconUrl": "http://sadcup.ad/ipon",
      "id": "5098",
      "isRoot": true,
      "isSimulated": false,
      "isUnmodifiable": false,
      "parentId": "8980",
      "storageIndex": 1612,
      "title": "cunnefco",
      "type": 2,
      "url": "http://vogir.bm/diziwef",
    },
    Object {
      "iconUrl": "http://dijolagu.cc/tu",
      "id": "3886",
      "isRoot": false,
      "isSimulated": false,
      "isUnmodifiable": false,
      "parentId": "9731",
      "storageIndex": 9453,
      "title": "bonawdi",
      "type": 4,
      "url": "http://tuhu.pr/tiwaru",
    },
    Object {
      "iconUrl": "http://uworodim.tc/dud",
      "id": "2298",
      "isRoot": false,
      "isSimulated": false,
      "isUnmodifiable": true,
      "parentId": "4531",
      "storageIndex": 8972,
      "title": "mipfo",
      "type": 0,
      "url": "http://ra.my/jozureb",
    },
    Object {
      "iconUrl": "http://fe.nu/hih",
      "id": "5442",
      "isRoot": true,
      "isSimulated": false,
      "isUnmodifiable": false,
      "parentId": "9273",
      "storageIndex": 347,
      "title": "uduh",
      "type": 2,
      "url": "http://ca.cm/tuna",
    },
    Object {
      "iconUrl": "http://sumjueja.om/ewnobti",
      "id": "9548",
      "isRoot": true,
      "isSimulated": false,
      "isUnmodifiable": true,
      "parentId": "3059",
      "storageIndex": 8012,
      "title": "juetpoh",
      "type": 0,
      "url": "http://keil.ye/oku",
    },
    Object {
      "iconUrl": "http://haoshe.gb/tohibpow",
      "id": "2595",
      "isRoot": false,
      "isSimulated": false,
      "isUnmodifiable": false,
      "parentId": "6300",
      "storageIndex": 8468,
      "title": "hamrumba",
      "type": 4,
      "url": "http://zehevduf.fr/cepob",
    },
    Object {
      "iconUrl": "http://jop.ca/etenazis",
      "id": "1593",
      "isRoot": false,
      "isSimulated": false,
      "isUnmodifiable": false,
      "parentId": "7659",
      "storageIndex": 8120,
      "title": "cagmakba",
      "type": 2,
      "url": "http://vu.gs/bahafom",
    },
  ],
  "parent": Object {
    "iconUrl": "http://bingola.kg/vef",
    "id": "2724",
    "isRoot": true,
    "isSimulated": false,
    "isUnmodifiable": false,
    "parentId": "2501",
    "storageIndex": 4257,
    "title": "ajuvoj",
    "type": 2,
    "url": "http://niopuloc.ug/fuvugtoh",
  },
}
`;

exports[`searchBookmarks search bookmarks and convert to bookmarkInfo 1`] = `
Array [
  Object {
    "iconUrl": "test-file-stub",
    "id": "9726",
    "isRoot": false,
    "isSimulated": false,
    "isUnmodifiable": true,
    "parentId": "",
    "storageIndex": 6667,
    "title": "nemed",
    "type": 2,
    "url": "",
  },
  Object {
    "iconUrl": "chrome://favicon/http://imasipa.gd/ji",
    "id": "3290",
    "isRoot": false,
    "isSimulated": false,
    "isUnmodifiable": false,
    "parentId": "",
    "storageIndex": -1,
    "title": "agi",
    "type": 0,
    "url": "http://imasipa.gd/ji",
  },
]
`;
